[INFO] Scanning for projects...
[INFO] 
[INFO] ----------------------------< fpt:teddypet >----------------------------
[INFO] Building teddypet 0.0.1-SNAPSHOT
[INFO]   from pom.xml
[INFO] --------------------------------[ jar ]---------------------------------
[INFO] 
[INFO] --- resources:3.3.1:resources (default-resources) @ teddypet ---
[INFO] Copying 3 resources from src\main\resources to target\classes
[INFO] Copying 88 resources from src\main\resources to target\classes
[INFO] 
[INFO] --- compiler:3.11.0:compile (default-compile) @ teddypet ---
[INFO] Changes detected - recompiling the module! :source
[INFO] Compiling 877 source files with javac [debug release 21] to target\classes
[INFO] Hibernate/JPA static Metamodel Generator 6.4.9.Final
[INFO] -------------------------------------------------------------
[WARNING] COMPILATION WARNING : 
[INFO] -------------------------------------------------------------
[WARNING] /C:/TeddyPet - EXE201 Project/TeddyPet_BE/src/main/java/fpt/teddypet/domain/entity/staff/WorkShift.java:[38,18] @SuperBuilder will ignore the initializing expression entirely. If you want the initializing expression to serve as default, add @Builder.Default. If it is not supposed to be settable during building, make the field final.
[WARNING] /C:/TeddyPet - EXE201 Project/TeddyPet_BE/src/main/java/fpt/teddypet/domain/entity/staff/ShiftRoleConfig.java:[46,21] @SuperBuilder will ignore the initializing expression entirely. If you want the initializing expression to serve as default, add @Builder.Default. If it is not supposed to be settable during building, make the field final.
[INFO] 2 warnings 
[INFO] -------------------------------------------------------------
[INFO] -------------------------------------------------------------
[ERROR] COMPILATION ERROR : 
[INFO] -------------------------------------------------------------
[ERROR] constructor BookingAdminApplicationService(fpt.teddypet.infrastructure.persistence.postgres.repository.bookings.BookingRepository,fpt.teddypet.infrastructure.persistence.postgres.repository.bookings.BookingPetServiceItemRepository,fpt.teddypet.application.port.output.services.ServiceRepositoryPort,fpt.teddypet.infrastructure.persistence.postgres.repository.bookings.BookingDepositRepository,fpt.teddypet.infrastructure.persistence.postgres.repository.bookings.TimeSlotBookingRepository,fpt.teddypet.application.port.output.EmailServicePort,fpt.teddypet.application.service.dashboard.DashboardService) is already defined in class fpt.teddypet.application.service.bookings.BookingAdminApplicationService
[ERROR] /C:/TeddyPet - EXE201 Project/TeddyPet_BE/src/main/java/fpt/teddypet/application/service/bookings/BookingAdminApplicationService.java:[32,1] constructor BookingAdminApplicationService(fpt.teddypet.infrastructure.persistence.postgres.repository.bookings.BookingRepository,fpt.teddypet.infrastructure.persistence.postgres.repository.bookings.BookingPetServiceItemRepository,fpt.teddypet.application.port.output.services.ServiceRepositoryPort,fpt.teddypet.infrastructure.persistence.postgres.repository.bookings.BookingDepositRepository,fpt.teddypet.infrastructure.persistence.postgres.repository.bookings.TimeSlotBookingRepository,fpt.teddypet.application.port.output.EmailServicePort,fpt.teddypet.application.service.dashboard.DashboardService) is already defined in class fpt.teddypet.application.service.bookings.BookingAdminApplicationService
[ERROR] /C:/TeddyPet - EXE201 Project/TeddyPet_BE/src/main/java/fpt/teddypet/application/mapper/orders/cart/CartMapper.java:[12,8] No implementation was created for CartMapper due to having a problem in the erroneous element java.util.ArrayList. Hint: this often means that some other annotation processor was supposed to process the erroneous element. You can also enable MapStruct verbose mode by setting -Amapstruct.verbose=true as a compilation argument.
[ERROR] /C:/TeddyPet - EXE201 Project/TeddyPet_BE/src/main/java/fpt/teddypet/application/mapper/services/ServiceMapper.java:[10,8] No implementation was created for ServiceMapper due to having a problem in the erroneous element java.util.ArrayList. Hint: this often means that some other annotation processor was supposed to process the erroneous element. You can also enable MapStruct verbose mode by setting -Amapstruct.verbose=true as a compilation argument.
[ERROR] /C:/TeddyPet - EXE201 Project/TeddyPet_BE/src/main/java/fpt/teddypet/application/mapper/products/ProductAgeRangeMapper.java:[12,8] No implementation was created for ProductAgeRangeMapper due to having a problem in the erroneous element java.util.ArrayList. Hint: this often means that some other annotation processor was supposed to process the erroneous element. You can also enable MapStruct verbose mode by setting -Amapstruct.verbose=true as a compilation argument.
[ERROR] /C:/TeddyPet - EXE201 Project/TeddyPet_BE/src/main/java/fpt/teddypet/application/mapper/services/ServicePricingMapper.java:[10,8] No implementation was created for ServicePricingMapper due to having a problem in the erroneous element java.util.ArrayList. Hint: this often means that some other annotation processor was supposed to process the erroneous element. You can also enable MapStruct verbose mode by setting -Amapstruct.verbose=true as a compilation argument.
[ERROR] /C:/TeddyPet - EXE201 Project/TeddyPet_BE/src/main/java/fpt/teddypet/application/mapper/room/RoomTypeMapper.java:[9,8] No implementation was created for RoomTypeMapper due to having a problem in the erroneous element java.util.ArrayList. Hint: this often means that some other annotation processor was supposed to process the erroneous element. You can also enable MapStruct verbose mode by setting -Amapstruct.verbose=true as a compilation argument.
[ERROR] /C:/TeddyPet - EXE201 Project/TeddyPet_BE/src/main/java/fpt/teddypet/application/mapper/orders/cart/CartItemMapper.java:[10,8] No implementation was created for CartItemMapper due to having a problem in the erroneous element java.util.ArrayList. Hint: this often means that some other annotation processor was supposed to process the erroneous element. You can also enable MapStruct verbose mode by setting -Amapstruct.verbose=true as a compilation argument.
[ERROR] /C:/TeddyPet - EXE201 Project/TeddyPet_BE/src/main/java/fpt/teddypet/application/mapper/shop/ShopOperationHourMapper.java:[9,8] No implementation was created for ShopOperationHourMapper due to having a problem in the erroneous element java.util.ArrayList. Hint: this often means that some other annotation processor was supposed to process the erroneous element. You can also enable MapStruct verbose mode by setting -Amapstruct.verbose=true as a compilation argument.
[ERROR] /C:/TeddyPet - EXE201 Project/TeddyPet_BE/src/main/java/fpt/teddypet/application/mapper/shop/TimeSlotMapper.java:[10,8] No implementation was created for TimeSlotMapper due to having a problem in the erroneous element java.util.ArrayList. Hint: this often means that some other annotation processor was supposed to process the erroneous element. You can also enable MapStruct verbose mode by setting -Amapstruct.verbose=true as a compilation argument.
[ERROR] /C:/TeddyPet - EXE201 Project/TeddyPet_BE/src/main/java/fpt/teddypet/application/mapper/promotions/PromotionUsageMapper.java:[9,8] No implementation was created for PromotionUsageMapper due to having a problem in the erroneous element java.util.ArrayList. Hint: this often means that some other annotation processor was supposed to process the erroneous element. You can also enable MapStruct verbose mode by setting -Amapstruct.verbose=true as a compilation argument.
[ERROR] /C:/TeddyPet - EXE201 Project/TeddyPet_BE/src/main/java/fpt/teddypet/application/mapper/services/ServiceComboMapper.java:[14,8] No implementation was created for ServiceComboMapper due to having a problem in the erroneous element java.util.ArrayList. Hint: this often means that some other annotation processor was supposed to process the erroneous element. You can also enable MapStruct verbose mode by setting -Amapstruct.verbose=true as a compilation argument.
[ERROR] /C:/TeddyPet - EXE201 Project/TeddyPet_BE/src/main/java/fpt/teddypet/application/mapper/room/RoomMapper.java:[9,8] No implementation was created for RoomMapper due to having a problem in the erroneous element java.util.ArrayList. Hint: this often means that some other annotation processor was supposed to process the erroneous element. You can also enable MapStruct verbose mode by setting -Amapstruct.verbose=true as a compilation argument.
[ERROR] /C:/TeddyPet - EXE201 Project/TeddyPet_BE/src/main/java/fpt/teddypet/application/mapper/user/UserAddressMapper.java:[12,8] No implementation was created for UserAddressMapper due to having a problem in the erroneous element java.util.ArrayList. Hint: this often means that some other annotation processor was supposed to process the erroneous element. You can also enable MapStruct verbose mode by setting -Amapstruct.verbose=true as a compilation argument.
[ERROR] /C:/TeddyPet - EXE201 Project/TeddyPet_BE/src/main/java/fpt/teddypet/application/mapper/products/ProductAttributeMapper.java:[16,8] No implementation was created for ProductAttributeMapper due to having a problem in the erroneous element java.util.ArrayList. Hint: this often means that some other annotation processor was supposed to process the erroneous element. You can also enable MapStruct verbose mode by setting -Amapstruct.verbose=true as a compilation argument.
[ERROR] /C:/TeddyPet - EXE201 Project/TeddyPet_BE/src/main/java/fpt/teddypet/application/mapper/products/ProductCategoryMapper.java:[13,8] No implementation was created for ProductCategoryMapper due to having a problem in the erroneous element java.util.ArrayList. Hint: this often means that some other annotation processor was supposed to process the erroneous element. You can also enable MapStruct verbose mode by setting -Amapstruct.verbose=true as a compilation argument.
[ERROR] /C:/TeddyPet - EXE201 Project/TeddyPet_BE/src/main/java/fpt/teddypet/application/mapper/products/ProductImageMapper.java:[12,8] No implementation was created for ProductImageMapper due to having a problem in the erroneous element java.util.ArrayList. Hint: this often means that some other annotation processor was supposed to process the erroneous element. You can also enable MapStruct verbose mode by setting -Amapstruct.verbose=true as a compilation argument.
[ERROR] /C:/TeddyPet - EXE201 Project/TeddyPet_BE/src/main/java/fpt/teddypet/application/mapper/shop/TimeSlotExceptionMapper.java:[9,8] No implementation was created for TimeSlotExceptionMapper due to having a problem in the erroneous element java.util.ArrayList. Hint: this often means that some other annotation processor was supposed to process the erroneous element. You can also enable MapStruct verbose mode by setting -Amapstruct.verbose=true as a compilation argument.
[ERROR] /C:/TeddyPet - EXE201 Project/TeddyPet_BE/src/main/java/fpt/teddypet/application/mapper/feedback/FeedbackMapper.java:[12,8] No implementation was created for FeedbackMapper due to having a problem in the erroneous element java.util.ArrayList. Hint: this often means that some other annotation processor was supposed to process the erroneous element. You can also enable MapStruct verbose mode by setting -Amapstruct.verbose=true as a compilation argument.
[ERROR] /C:/TeddyPet - EXE201 Project/TeddyPet_BE/src/main/java/fpt/teddypet/application/mapper/products/ProductBrandMapper.java:[11,8] No implementation was created for ProductBrandMapper due to having a problem in the erroneous element java.util.ArrayList. Hint: this often means that some other annotation processor was supposed to process the erroneous element. You can also enable MapStruct verbose mode by setting -Amapstruct.verbose=true as a compilation argument.
[ERROR] /C:/TeddyPet - EXE201 Project/TeddyPet_BE/src/main/java/fpt/teddypet/application/mapper/blogs/BlogTagMapper.java:[10,8] No implementation was created for BlogTagMapper due to having a problem in the erroneous element java.util.ArrayList. Hint: this often means that some other annotation processor was supposed to process the erroneous element. You can also enable MapStruct verbose mode by setting -Amapstruct.verbose=true as a compilation argument.
[ERROR] /C:/TeddyPet - EXE201 Project/TeddyPet_BE/src/main/java/fpt/teddypet/application/mapper/products/ProductVariantMapper.java:[13,8] No implementation was created for ProductVariantMapper due to having a problem in the erroneous element java.util.ArrayList. Hint: this often means that some other annotation processor was supposed to process the erroneous element. You can also enable MapStruct verbose mode by setting -Amapstruct.verbose=true as a compilation argument.
[ERROR] /C:/TeddyPet - EXE201 Project/TeddyPet_BE/src/main/java/fpt/teddypet/application/mapper/promotions/PromotionMapper.java:[9,8] No implementation was created for PromotionMapper due to having a problem in the erroneous element java.util.ArrayList. Hint: this often means that some other annotation processor was supposed to process the erroneous element. You can also enable MapStruct verbose mode by setting -Amapstruct.verbose=true as a compilation argument.
[ERROR] /C:/TeddyPet - EXE201 Project/TeddyPet_BE/src/main/java/fpt/teddypet/application/mapper/UserMapper.java:[10,8] No implementation was created for UserMapper due to having a problem in the erroneous element java.util.ArrayList. Hint: this often means that some other annotation processor was supposed to process the erroneous element. You can also enable MapStruct verbose mode by setting -Amapstruct.verbose=true as a compilation argument.
[ERROR] /C:/TeddyPet - EXE201 Project/TeddyPet_BE/src/main/java/fpt/teddypet/application/mapper/products/ProductTagMapper.java:[13,8] No implementation was created for ProductTagMapper due to having a problem in the erroneous element java.util.ArrayList. Hint: this often means that some other annotation processor was supposed to process the erroneous element. You can also enable MapStruct verbose mode by setting -Amapstruct.verbose=true as a compilation argument.
[ERROR] /C:/TeddyPet - EXE201 Project/TeddyPet_BE/src/main/java/fpt/teddypet/application/mapper/blogs/BlogPostMapper.java:[11,8] No implementation was created for BlogPostMapper due to having a problem in the erroneous element java.util.ArrayList. Hint: this often means that some other annotation processor was supposed to process the erroneous element. You can also enable MapStruct verbose mode by setting -Amapstruct.verbose=true as a compilation argument.
[ERROR] /C:/TeddyPet - EXE201 Project/TeddyPet_BE/src/main/java/fpt/teddypet/application/mapper/products/ProductMapper.java:[22,8] No implementation was created for ProductMapper due to having a problem in the erroneous element java.util.ArrayList. Hint: this often means that some other annotation processor was supposed to process the erroneous element. You can also enable MapStruct verbose mode by setting -Amapstruct.verbose=true as a compilation argument.
[ERROR] /C:/TeddyPet - EXE201 Project/TeddyPet_BE/src/main/java/fpt/teddypet/application/mapper/payments/PaymentMapper.java:[17,8] No implementation was created for PaymentMapper due to having a problem in the erroneous element java.util.ArrayList. Hint: this often means that some other annotation processor was supposed to process the erroneous element. You can also enable MapStruct verbose mode by setting -Amapstruct.verbose=true as a compilation argument.
[ERROR] /C:/TeddyPet - EXE201 Project/TeddyPet_BE/src/main/java/fpt/teddypet/application/mapper/RatingMapper.java:[9,8] No implementation was created for RatingMapper due to having a problem in the erroneous element java.util.ArrayList. Hint: this often means that some other annotation processor was supposed to process the erroneous element. You can also enable MapStruct verbose mode by setting -Amapstruct.verbose=true as a compilation argument.
[ERROR] /C:/TeddyPet - EXE201 Project/TeddyPet_BE/src/main/java/fpt/teddypet/application/mapper/orders/order/OrderMapper.java:[20,8] No implementation was created for OrderMapper due to having a problem in the erroneous element java.util.ArrayList. Hint: this often means that some other annotation processor was supposed to process the erroneous element. You can also enable MapStruct verbose mode by setting -Amapstruct.verbose=true as a compilation argument.
[ERROR] /C:/TeddyPet - EXE201 Project/TeddyPet_BE/src/main/java/fpt/teddypet/application/mapper/products/ProductAttributeValueMapper.java:[10,8] No implementation was created for ProductAttributeValueMapper due to having a problem in the erroneous element java.util.ArrayList. Hint: this often means that some other annotation processor was supposed to process the erroneous element. You can also enable MapStruct verbose mode by setting -Amapstruct.verbose=true as a compilation argument.
[ERROR] /C:/TeddyPet - EXE201 Project/TeddyPet_BE/src/main/java/fpt/teddypet/application/mapper/services/ServiceCategoryMapper.java:[13,8] No implementation was created for ServiceCategoryMapper due to having a problem in the erroneous element java.util.ArrayList. Hint: this often means that some other annotation processor was supposed to process the erroneous element. You can also enable MapStruct verbose mode by setting -Amapstruct.verbose=true as a compilation argument.
[ERROR] /C:/TeddyPet - EXE201 Project/TeddyPet_BE/src/main/java/fpt/teddypet/application/mapper/blogs/BlogCategoryMapper.java:[13,8] No implementation was created for BlogCategoryMapper due to having a problem in the erroneous element java.util.ArrayList. Hint: this often means that some other annotation processor was supposed to process the erroneous element. You can also enable MapStruct verbose mode by setting -Amapstruct.verbose=true as a compilation argument.
[ERROR] /C:/TeddyPet - EXE201 Project/TeddyPet_BE/src/main/java/fpt/teddypet/application/mapper/orders/order/OrderItemMapper.java:[12,8] No implementation was created for OrderItemMapper due to having a problem in the erroneous element java.util.ArrayList. Hint: this often means that some other annotation processor was supposed to process the erroneous element. You can also enable MapStruct verbose mode by setting -Amapstruct.verbose=true as a compilation argument.
[INFO] 34 errors 
[INFO] -------------------------------------------------------------
[INFO] ------------------------------------------------------------------------
[INFO] BUILD FAILURE
[INFO] ------------------------------------------------------------------------
[INFO] Total time:  14.113 s
[INFO] Finished at: 2026-03-13T19:31:00+07:00
[INFO] ------------------------------------------------------------------------
[ERROR] Failed to execute goal org.apache.maven.plugins:maven-compiler-plugin:3.11.0:compile (default-compile) on project teddypet: Compilation failure: Compilation failure: 
[ERROR] constructor BookingAdminApplicationService(fpt.teddypet.infrastructure.persistence.postgres.repository.bookings.BookingRepository,fpt.teddypet.infrastructure.persistence.postgres.repository.bookings.BookingPetServiceItemRepository,fpt.teddypet.application.port.output.services.ServiceRepositoryPort,fpt.teddypet.infrastructure.persistence.postgres.repository.bookings.BookingDepositRepository,fpt.teddypet.infrastructure.persistence.postgres.repository.bookings.TimeSlotBookingRepository,fpt.teddypet.application.port.output.EmailServicePort,fpt.teddypet.application.service.dashboard.DashboardService) is already defined in class fpt.teddypet.application.service.bookings.BookingAdminApplicationService
[ERROR] /C:/TeddyPet - EXE201 Project/TeddyPet_BE/src/main/java/fpt/teddypet/application/service/bookings/BookingAdminApplicationService.java:[32,1] constructor BookingAdminApplicationService(fpt.teddypet.infrastructure.persistence.postgres.repository.bookings.BookingRepository,fpt.teddypet.infrastructure.persistence.postgres.repository.bookings.BookingPetServiceItemRepository,fpt.teddypet.application.port.output.services.ServiceRepositoryPort,fpt.teddypet.infrastructure.persistence.postgres.repository.bookings.BookingDepositRepository,fpt.teddypet.infrastructure.persistence.postgres.repository.bookings.TimeSlotBookingRepository,fpt.teddypet.application.port.output.EmailServicePort,fpt.teddypet.application.service.dashboard.DashboardService) is already defined in class fpt.teddypet.application.service.bookings.BookingAdminApplicationService
[ERROR] /C:/TeddyPet - EXE201 Project/TeddyPet_BE/src/main/java/fpt/teddypet/application/mapper/orders/cart/CartMapper.java:[12,8] No implementation was created for CartMapper due to having a problem in the erroneous element java.util.ArrayList. Hint: this often means that some other annotation processor was supposed to process the erroneous element. You can also enable MapStruct verbose mode by setting -Amapstruct.verbose=true as a compilation argument.
[ERROR] /C:/TeddyPet - EXE201 Project/TeddyPet_BE/src/main/java/fpt/teddypet/application/mapper/services/ServiceMapper.java:[10,8] No implementation was created for ServiceMapper due to having a problem in the erroneous element java.util.ArrayList. Hint: this often means that some other annotation processor was supposed to process the erroneous element. You can also enable MapStruct verbose mode by setting -Amapstruct.verbose=true as a compilation argument.
[ERROR] /C:/TeddyPet - EXE201 Project/TeddyPet_BE/src/main/java/fpt/teddypet/application/mapper/products/ProductAgeRangeMapper.java:[12,8] No implementation was created for ProductAgeRangeMapper due to having a problem in the erroneous element java.util.ArrayList. Hint: this often means that some other annotation processor was supposed to process the erroneous element. You can also enable MapStruct verbose mode by setting -Amapstruct.verbose=true as a compilation argument.
[ERROR] /C:/TeddyPet - EXE201 Project/TeddyPet_BE/src/main/java/fpt/teddypet/application/mapper/services/ServicePricingMapper.java:[10,8] No implementation was created for ServicePricingMapper due to having a problem in the erroneous element java.util.ArrayList. Hint: this often means that some other annotation processor was supposed to process the erroneous element. You can also enable MapStruct verbose mode by setting -Amapstruct.verbose=true as a compilation argument.
[ERROR] /C:/TeddyPet - EXE201 Project/TeddyPet_BE/src/main/java/fpt/teddypet/application/mapper/room/RoomTypeMapper.java:[9,8] No implementation was created for RoomTypeMapper due to having a problem in the erroneous element java.util.ArrayList. Hint: this often means that some other annotation processor was supposed to process the erroneous element. You can also enable MapStruct verbose mode by setting -Amapstruct.verbose=true as a compilation argument.
[ERROR] /C:/TeddyPet - EXE201 Project/TeddyPet_BE/src/main/java/fpt/teddypet/application/mapper/orders/cart/CartItemMapper.java:[10,8] No implementation was created for CartItemMapper due to having a problem in the erroneous element java.util.ArrayList. Hint: this often means that some other annotation processor was supposed to process the erroneous element. You can also enable MapStruct verbose mode by setting -Amapstruct.verbose=true as a compilation argument.
[ERROR] /C:/TeddyPet - EXE201 Project/TeddyPet_BE/src/main/java/fpt/teddypet/application/mapper/shop/ShopOperationHourMapper.java:[9,8] No implementation was created for ShopOperationHourMapper due to having a problem in the erroneous element java.util.ArrayList. Hint: this often means that some other annotation processor was supposed to process the erroneous element. You can also enable MapStruct verbose mode by setting -Amapstruct.verbose=true as a compilation argument.
[ERROR] /C:/TeddyPet - EXE201 Project/TeddyPet_BE/src/main/java/fpt/teddypet/application/mapper/shop/TimeSlotMapper.java:[10,8] No implementation was created for TimeSlotMapper due to having a problem in the erroneous element java.util.ArrayList. Hint: this often means that some other annotation processor was supposed to process the erroneous element. You can also enable MapStruct verbose mode by setting -Amapstruct.verbose=true as a compilation argument.
[ERROR] /C:/TeddyPet - EXE201 Project/TeddyPet_BE/src/main/java/fpt/teddypet/application/mapper/promotions/PromotionUsageMapper.java:[9,8] No implementation was created for PromotionUsageMapper due to having a problem in the erroneous element java.util.ArrayList. Hint: this often means that some other annotation processor was supposed to process the erroneous element. You can also enable MapStruct verbose mode by setting -Amapstruct.verbose=true as a compilation argument.
[ERROR] /C:/TeddyPet - EXE201 Project/TeddyPet_BE/src/main/java/fpt/teddypet/application/mapper/services/ServiceComboMapper.java:[14,8] No implementation was created for ServiceComboMapper due to having a problem in the erroneous element java.util.ArrayList. Hint: this often means that some other annotation processor was supposed to process the erroneous element. You can also enable MapStruct verbose mode by setting -Amapstruct.verbose=true as a compilation argument.
[ERROR] /C:/TeddyPet - EXE201 Project/TeddyPet_BE/src/main/java/fpt/teddypet/application/mapper/room/RoomMapper.java:[9,8] No implementation was created for RoomMapper due to having a problem in the erroneous element java.util.ArrayList. Hint: this often means that some other annotation processor was supposed to process the erroneous element. You can also enable MapStruct verbose mode by setting -Amapstruct.verbose=true as a compilation argument.
[ERROR] /C:/TeddyPet - EXE201 Project/TeddyPet_BE/src/main/java/fpt/teddypet/application/mapper/user/UserAddressMapper.java:[12,8] No implementation was created for UserAddressMapper due to having a problem in the erroneous element java.util.ArrayList. Hint: this often means that some other annotation processor was supposed to process the erroneous element. You can also enable MapStruct verbose mode by setting -Amapstruct.verbose=true as a compilation argument.
[ERROR] /C:/TeddyPet - EXE201 Project/TeddyPet_BE/src/main/java/fpt/teddypet/application/mapper/products/ProductAttributeMapper.java:[16,8] No implementation was created for ProductAttributeMapper due to having a problem in the erroneous element java.util.ArrayList. Hint: this often means that some other annotation processor was supposed to process the erroneous element. You can also enable MapStruct verbose mode by setting -Amapstruct.verbose=true as a compilation argument.
[ERROR] /C:/TeddyPet - EXE201 Project/TeddyPet_BE/src/main/java/fpt/teddypet/application/mapper/products/ProductCategoryMapper.java:[13,8] No implementation was created for ProductCategoryMapper due to having a problem in the erroneous element java.util.ArrayList. Hint: this often means that some other annotation processor was supposed to process the erroneous element. You can also enable MapStruct verbose mode by setting -Amapstruct.verbose=true as a compilation argument.
[ERROR] /C:/TeddyPet - EXE201 Project/TeddyPet_BE/src/main/java/fpt/teddypet/application/mapper/products/ProductImageMapper.java:[12,8] No implementation was created for ProductImageMapper due to having a problem in the erroneous element java.util.ArrayList. Hint: this often means that some other annotation processor was supposed to process the erroneous element. You can also enable MapStruct verbose mode by setting -Amapstruct.verbose=true as a compilation argument.
[ERROR] /C:/TeddyPet - EXE201 Project/TeddyPet_BE/src/main/java/fpt/teddypet/application/mapper/shop/TimeSlotExceptionMapper.java:[9,8] No implementation was created for TimeSlotExceptionMapper due to having a problem in the erroneous element java.util.ArrayList. Hint: this often means that some other annotation processor was supposed to process the erroneous element. You can also enable MapStruct verbose mode by setting -Amapstruct.verbose=true as a compilation argument.
[ERROR] /C:/TeddyPet - EXE201 Project/TeddyPet_BE/src/main/java/fpt/teddypet/application/mapper/feedback/FeedbackMapper.java:[12,8] No implementation was created for FeedbackMapper due to having a problem in the erroneous element java.util.ArrayList. Hint: this often means that some other annotation processor was supposed to process the erroneous element. You can also enable MapStruct verbose mode by setting -Amapstruct.verbose=true as a compilation argument.
[ERROR] /C:/TeddyPet - EXE201 Project/TeddyPet_BE/src/main/java/fpt/teddypet/application/mapper/products/ProductBrandMapper.java:[11,8] No implementation was created for ProductBrandMapper due to having a problem in the erroneous element java.util.ArrayList. Hint: this often means that some other annotation processor was supposed to process the erroneous element. You can also enable MapStruct verbose mode by setting -Amapstruct.verbose=true as a compilation argument.
[ERROR] /C:/TeddyPet - EXE201 Project/TeddyPet_BE/src/main/java/fpt/teddypet/application/mapper/blogs/BlogTagMapper.java:[10,8] No implementation was created for BlogTagMapper due to having a problem in the erroneous element java.util.ArrayList. Hint: this often means that some other annotation processor was supposed to process the erroneous element. You can also enable MapStruct verbose mode by setting -Amapstruct.verbose=true as a compilation argument.
[ERROR] /C:/TeddyPet - EXE201 Project/TeddyPet_BE/src/main/java/fpt/teddypet/application/mapper/products/ProductVariantMapper.java:[13,8] No implementation was created for ProductVariantMapper due to having a problem in the erroneous element java.util.ArrayList. Hint: this often means that some other annotation processor was supposed to process the erroneous element. You can also enable MapStruct verbose mode by setting -Amapstruct.verbose=true as a compilation argument.
[ERROR] /C:/TeddyPet - EXE201 Project/TeddyPet_BE/src/main/java/fpt/teddypet/application/mapper/promotions/PromotionMapper.java:[9,8] No implementation was created for PromotionMapper due to having a problem in the erroneous element java.util.ArrayList. Hint: this often means that some other annotation processor was supposed to process the erroneous element. You can also enable MapStruct verbose mode by setting -Amapstruct.verbose=true as a compilation argument.
[ERROR] /C:/TeddyPet - EXE201 Project/TeddyPet_BE/src/main/java/fpt/teddypet/application/mapper/UserMapper.java:[10,8] No implementation was created for UserMapper due to having a problem in the erroneous element java.util.ArrayList. Hint: this often means that some other annotation processor was supposed to process the erroneous element. You can also enable MapStruct verbose mode by setting -Amapstruct.verbose=true as a compilation argument.
[ERROR] /C:/TeddyPet - EXE201 Project/TeddyPet_BE/src/main/java/fpt/teddypet/application/mapper/products/ProductTagMapper.java:[13,8] No implementation was created for ProductTagMapper due to having a problem in the erroneous element java.util.ArrayList. Hint: this often means that some other annotation processor was supposed to process the erroneous element. You can also enable MapStruct verbose mode by setting -Amapstruct.verbose=true as a compilation argument.
[ERROR] /C:/TeddyPet - EXE201 Project/TeddyPet_BE/src/main/java/fpt/teddypet/application/mapper/blogs/BlogPostMapper.java:[11,8] No implementation was created for BlogPostMapper due to having a problem in the erroneous element java.util.ArrayList. Hint: this often means that some other annotation processor was supposed to process the erroneous element. You can also enable MapStruct verbose mode by setting -Amapstruct.verbose=true as a compilation argument.
[ERROR] /C:/TeddyPet - EXE201 Project/TeddyPet_BE/src/main/java/fpt/teddypet/application/mapper/products/ProductMapper.java:[22,8] No implementation was created for ProductMapper due to having a problem in the erroneous element java.util.ArrayList. Hint: this often means that some other annotation processor was supposed to process the erroneous element. You can also enable MapStruct verbose mode by setting -Amapstruct.verbose=true as a compilation argument.
[ERROR] /C:/TeddyPet - EXE201 Project/TeddyPet_BE/src/main/java/fpt/teddypet/application/mapper/payments/PaymentMapper.java:[17,8] No implementation was created for PaymentMapper due to having a problem in the erroneous element java.util.ArrayList. Hint: this often means that some other annotation processor was supposed to process the erroneous element. You can also enable MapStruct verbose mode by setting -Amapstruct.verbose=true as a compilation argument.
[ERROR] /C:/TeddyPet - EXE201 Project/TeddyPet_BE/src/main/java/fpt/teddypet/application/mapper/RatingMapper.java:[9,8] No implementation was created for RatingMapper due to having a problem in the erroneous element java.util.ArrayList. Hint: this often means that some other annotation processor was supposed to process the erroneous element. You can also enable MapStruct verbose mode by setting -Amapstruct.verbose=true as a compilation argument.
[ERROR] /C:/TeddyPet - EXE201 Project/TeddyPet_BE/src/main/java/fpt/teddypet/application/mapper/orders/order/OrderMapper.java:[20,8] No implementation was created for OrderMapper due to having a problem in the erroneous element java.util.ArrayList. Hint: this often means that some other annotation processor was supposed to process the erroneous element. You can also enable MapStruct verbose mode by setting -Amapstruct.verbose=true as a compilation argument.
[ERROR] /C:/TeddyPet - EXE201 Project/TeddyPet_BE/src/main/java/fpt/teddypet/application/mapper/products/ProductAttributeValueMapper.java:[10,8] No implementation was created for ProductAttributeValueMapper due to having a problem in the erroneous element java.util.ArrayList. Hint: this often means that some other annotation processor was supposed to process the erroneous element. You can also enable MapStruct verbose mode by setting -Amapstruct.verbose=true as a compilation argument.
[ERROR] /C:/TeddyPet - EXE201 Project/TeddyPet_BE/src/main/java/fpt/teddypet/application/mapper/services/ServiceCategoryMapper.java:[13,8] No implementation was created for ServiceCategoryMapper due to having a problem in the erroneous element java.util.ArrayList. Hint: this often means that some other annotation processor was supposed to process the erroneous element. You can also enable MapStruct verbose mode by setting -Amapstruct.verbose=true as a compilation argument.
[ERROR] /C:/TeddyPet - EXE201 Project/TeddyPet_BE/src/main/java/fpt/teddypet/application/mapper/blogs/BlogCategoryMapper.java:[13,8] No implementation was created for BlogCategoryMapper due to having a problem in the erroneous element java.util.ArrayList. Hint: this often means that some other annotation processor was supposed to process the erroneous element. You can also enable MapStruct verbose mode by setting -Amapstruct.verbose=true as a compilation argument.
[ERROR] /C:/TeddyPet - EXE201 Project/TeddyPet_BE/src/main/java/fpt/teddypet/application/mapper/orders/order/OrderItemMapper.java:[12,8] No implementation was created for OrderItemMapper due to having a problem in the erroneous element java.util.ArrayList. Hint: this often means that some other annotation processor was supposed to process the erroneous element. You can also enable MapStruct verbose mode by setting -Amapstruct.verbose=true as a compilation argument.
[ERROR] -> [Help 1]
[ERROR] 
[ERROR] To see the full stack trace of the errors, re-run Maven with the -e switch.
[ERROR] Re-run Maven using the -X switch to enable full debug logging.
[ERROR] 
[ERROR] For more information about the errors and possible solutions, please read the following articles:
[ERROR] [Help 1] http://cwiki.apache.org/confluence/display/MAVEN/MojoFailureException
